kobold model: koboldcpp/Goetia-24B-v1.3-absolute-heresy.i1-Q5_K_M → template mistralV7
== PROBE: same-fact judgment ==
  manuscript: lighthouse (6 scenes, 4 gold contradictions)
  extraction: koboldcpp/Goetia-24B-v1.3-absolute-heresy.i1-Q5_K_M [mistralV7] @ http://192.168.1.201:5001 · runs=3
  adjudication: koboldcpp/Goetia-24B-v1.3-absolute-heresy.i1-Q5_K_M [mistralV7] @ http://192.168.1.201:5001
  out dir: Tools/ContinuityAuditSpike/probe-goetia
  extract: lighthouse/s1 run 1/3 …
  extract: lighthouse/s2 run 1/3 …
  extract: lighthouse/s3 run 1/3 …
  extract: lighthouse/s4 run 1/3 …
  extract: lighthouse/s5 run 1/3 …
  extract: lighthouse/s6 run 1/3 …
  extract: lighthouse/s1 run 2/3 …
  extract: lighthouse/s2 run 2/3 …
  extract: lighthouse/s3 run 2/3 …
  extract: lighthouse/s4 run 2/3 …
  extract: lighthouse/s5 run 2/3 …
  extract: lighthouse/s6 run 2/3 …
  extract: lighthouse/s1 run 3/3 …
  extract: lighthouse/s2 run 3/3 …
  extract: lighthouse/s3 run 3/3 …
  extract: lighthouse/s4 run 3/3 …
  extract: lighthouse/s5 run 3/3 …
  extract: lighthouse/s6 run 3/3 …
  extracted total: 374 claims (3 runs × 6 scenes)
  wrote Tools/ContinuityAuditSpike/probe-goetia/claims.json
  pairs: 58 total · same_fact=25 · different_fact=33
  wrote Tools/ContinuityAuditSpike/probe-goetia/pairs.json
  probe: pair 1/58 [same_fact] …
  probe: pair 2/58 [same_fact] …
  probe: pair 3/58 [same_fact] …
  probe: pair 4/58 [same_fact] …
  probe: pair 5/58 [same_fact] …
  probe: pair 6/58 [same_fact] …
  probe: pair 7/58 [same_fact] …
  probe: pair 8/58 [same_fact] …
  probe: pair 9/58 [same_fact] …
  probe: pair 10/58 [same_fact] …
  probe: pair 11/58 [same_fact] …
  probe: pair 12/58 [same_fact] …
  probe: pair 13/58 [same_fact] …
  probe: pair 14/58 [different_fact] …
  probe: pair 15/58 [different_fact] …
  probe: pair 16/58 [different_fact] …
  probe: pair 17/58 [different_fact] …
  probe: pair 18/58 [different_fact] …
  probe: pair 19/58 [different_fact] …
  probe: pair 20/58 [different_fact] …
  probe: pair 21/58 [different_fact] …
  probe: pair 22/58 [different_fact] …
  probe: pair 23/58 [different_fact] …
  probe: pair 24/58 [different_fact] …
  probe: pair 25/58 [different_fact] …
  probe: pair 26/58 [different_fact] …
  probe: pair 27/58 [different_fact] …
  probe: pair 28/58 [different_fact] …
  probe: pair 29/58 [same_fact] …
  probe: pair 30/58 [same_fact] …
  probe: pair 31/58 [same_fact] …
  probe: pair 32/58 [same_fact] …
  probe: pair 33/58 [same_fact] …
  probe: pair 34/58 [same_fact] …
  probe: pair 35/58 [different_fact] …
  probe: pair 36/58 [different_fact] …
  probe: pair 37/58 [different_fact] …
  probe: pair 38/58 [different_fact] …
  probe: pair 39/58 [different_fact] …
  probe: pair 40/58 [different_fact] …
  probe: pair 41/58 [different_fact] …
  probe: pair 42/58 [different_fact] …
  probe: pair 43/58 [different_fact] …
  probe: pair 44/58 [same_fact] …
  probe: pair 45/58 [same_fact] …
  probe: pair 46/58 [same_fact] …
  probe: pair 47/58 [same_fact] …
  probe: pair 48/58 [same_fact] …
  probe: pair 49/58 [same_fact] …
  probe: pair 50/58 [different_fact] …
  probe: pair 51/58 [different_fact] …
  probe: pair 52/58 [different_fact] …
  probe: pair 53/58 [different_fact] …
  probe: pair 54/58 [different_fact] …
  probe: pair 55/58 [different_fact] …
  probe: pair 56/58 [different_fact] …
  probe: pair 57/58 [different_fact] …
  probe: pair 58/58 [different_fact] …
  wrote Tools/ContinuityAuditSpike/probe-goetia/results.json
  wrote Tools/ContinuityAuditSpike/probe-goetia/report.md
# ContinuityAuditSpike — same-fact probe (lighthouse)

- **Manuscript**: lighthouse · 6 scenes · 4 gold contradictions
- **Extraction**: koboldcpp/Goetia-24B-v1.3-absolute-heresy.i1-Q5_K_M [mistralV7] @ http://192.168.1.201:5001 · runs=3
- **Adjudication**: koboldcpp/Goetia-24B-v1.3-absolute-heresy.i1-Q5_K_M [mistralV7] @ http://192.168.1.201:5001
- **Pairs**: 58 (same_fact=25, different_fact=33)

## Confusion (rows = label, cols = predicted)

| label \ pred | same_fact | different_fact | ERROR |
|---|---|---|---|
| same_fact | 20 | 5 | 0 |
| different_fact | 0 | 33 | 0 |

## Headline

- **same_fact agreement**: 20/25 = 80%
- **different_fact agreement**: 33/33 = 100%
- **separation**: -0.20 (1.0 = perfect, 0.0 = no signal)


