kobold model: koboldcpp/huihui-ai_Mistral-Small-24B-Instruct-2501-abliterated-Q6_K_L → template mistralV7
== EVAL: engine end-to-end (1 runs/manuscript) ==
  engine: lighthouse run 1/1 …
  engine: long_watch run 1/1 …
  engine: ash_court run 1/1 …
  engine: tuesday_account run 1/1 …
# ContinuityAuditSpike — eval harness

- **Mode**: engine · **Runs**: 1
- **Manuscripts**: lighthouse, long_watch, ash_court, tuesday_account
- **Extraction**: koboldcpp/huihui-ai_Mistral-Small-24B-Instruct-2501-abliterated-Q6_K_L [mistralV7] @ http://192.168.1.201:5001

## Engine end-to-end — 1 runs per manuscript

| manuscript | finding precision | recall | F1 |
|---|---|---|---|
| lighthouse | 43% ±0 | 75% ±0 | 0.55 |
| long_watch | 75% ±0 | 25% ±0 | 0.38 |
| ash_court | 67% ±0 | 33% ±0 | 0.44 |
| tuesday_account | 45% ±0 | 42% ±0 | 0.43 |
| **all** | **57% ±15** | **44% ±21** | **0.45** |

### Reliability — pass@k vs pass^k

- **pass@k** (caught in ≥1 run): 15/40
- **pass^k** (caught in every run): 15/40
- the gap of 0 is the stochasticity tax — contradictions a single audit will sometimes miss.

### Detection rate by class

| class | mean detection rate | pass^k |
|---|---|---|
| attribute_drift | 31% | 5/16 |
| knowledge_violation | 25% | 1/4 |
| timeline_conflict | 40% | 4/10 |
| spatial_conflict | 50% | 5/10 |

### Detection rate by scene distance

| distance | mean detection rate | n |
|---|---|---|
| adjacent (1-2) | 50% | 6 |
| mid (3-5) | 31% | 16 |
| far (6+) | 39% | 18 |

### Per-contradiction detection

| manuscript:id | kind | dist | detection rate |
|---|---|---|---|
| lighthouse:c1 | attribute_drift | 2 | 100% |
| lighthouse:c2 | knowledge_violation | 1 | 0% |
| lighthouse:c3 | timeline_conflict | 2 | 100% |
| lighthouse:c4 | spatial_conflict | 5 | 100% |
| long_watch:c1 | attribute_drift | 5 | 0% |
| long_watch:c2 | attribute_drift | 3 | 0% |
| long_watch:c3 | spatial_conflict | 4 | 0% |
| long_watch:c4 | spatial_conflict | 5 | 100% |
| long_watch:c5 | timeline_conflict | 3 | 0% |
| long_watch:c6 | timeline_conflict | 2 | 100% |
| long_watch:c7 | knowledge_violation | 1 | 0% |
| long_watch:c8 | attribute_drift | 4 | 0% |
| long_watch:c9 | attribute_drift | 5 | 100% |
| long_watch:c10 | timeline_conflict | 4 | 0% |
| long_watch:c11 | spatial_conflict | 5 | 0% |
| long_watch:c12 | attribute_drift | 4 | 0% |
| ash_court:c1 | attribute_drift | 9 | 0% |
| ash_court:c2 | attribute_drift | 8 | 0% |
| ash_court:c3 | attribute_drift | 6 | 0% |
| ash_court:c4 | attribute_drift | 9 | 100% |
| ash_court:c5 | spatial_conflict | 9 | 0% |
| ash_court:c6 | spatial_conflict | 7 | 0% |
| ash_court:c7 | spatial_conflict | 7 | 100% |
| ash_court:c8 | timeline_conflict | 7 | 100% |
| ash_court:c9 | timeline_conflict | 6 | 0% |
| ash_court:c10 | timeline_conflict | 6 | 0% |
| ash_court:c11 | knowledge_violation | 3 | 100% |
| ash_court:c12 | attribute_drift | 4 | 0% |
| tuesday_account:c1 | attribute_drift | 7 | 100% |
| tuesday_account:c2 | attribute_drift | 8 | 100% |
| tuesday_account:c3 | attribute_drift | 7 | 0% |
| tuesday_account:c4 | attribute_drift | 7 | 0% |
| tuesday_account:c5 | spatial_conflict | 8 | 0% |
| tuesday_account:c6 | spatial_conflict | 8 | 100% |
| tuesday_account:c7 | spatial_conflict | 4 | 100% |
| tuesday_account:c8 | timeline_conflict | 5 | 0% |
| tuesday_account:c9 | timeline_conflict | 5 | 0% |
| tuesday_account:c10 | timeline_conflict | 6 | 100% |
| tuesday_account:c11 | knowledge_violation | 2 | 0% |
| tuesday_account:c12 | attribute_drift | 7 | 0% |

